[javascript.info/index.html]
[backblue.gif]
[fade.gif]
[index.html]
[javascript.info/img/favicon/apple-touch-icon-precomposed.png]
[javascript.info/img/favicon/favicon.png]
[javascript.info/pack/styles.da59a89b28153875791083e4a8c5adb3.css]
[javascript.info/initc4ca.js]
[javascript.info/pack/footer.688d4fe7c4cf54e23737.js]
[javascript.info/pack/head.688d4fe7c4cf54e23737.js]
[javascript.info/img/sitetoolbar__logo_en-white.svg]
[javascript.info/img/sitetoolbar__logo_small_en-white.svg]
[javascript.info/ebook.html]
[javascript.info/pack/tutorial.688d4fe7c4cf54e23737.js]
[javascript.info/tutorial/map.html]
[javascript.info/getting-started.html]
[javascript.info/intro.html]
[javascript.info/code-editors.html]
[javascript.info/devtools.html]
[javascript.info/first-steps.html]
[javascript.info/hello-world.html]
[javascript.info/structure.html]
[javascript.info/strict-mode.html]
[javascript.info/variables.html]
[javascript.info/types.html]
[javascript.info/type-conversions.html]
[javascript.info/operators.html]
[javascript.info/comparison.html]
[javascript.info/alert-prompt-confirm.html]
[javascript.info/ifelse.html]
[javascript.info/logical-operators.html]
[javascript.info/while-for.html]
[javascript.info/switch.html]
[javascript.info/function-basics.html]
[javascript.info/function-expressions-arrows.html]
[javascript.info/javascript-specials.html]
[javascript.info/code-quality.html]
[javascript.info/debugging-chrome.html]
[javascript.info/coding-style.html]
[javascript.info/comments.html]
[javascript.info/ninja-code.html]
[javascript.info/polyfills.html]
[javascript.info/testing-mocha.html]
[javascript.info/object-basics.html]
[javascript.info/garbage-collection.html]
[javascript.info/object.html]
[javascript.info/symbol.html]
[javascript.info/object-methods.html]
[javascript.info/object-toprimitive.html]
[javascript.info/constructor-new.html]
[javascript.info/data-types.html]
[javascript.info/primitives-methods.html]
[javascript.info/number.html]
[javascript.info/array.html]
[javascript.info/iterable.html]
[javascript.info/string.html]
[javascript.info/map-set-weakmap-weakset.html]
[javascript.info/array-methods.html]
[javascript.info/keys-values-entries.html]
[javascript.info/destructuring-assignment.html]
[javascript.info/date.html]
[javascript.info/advanced-functions.html]
[javascript.info/json.html]
[javascript.info/recursion.html]
[javascript.info/rest-parameters-spread-operator.html]
[javascript.info/var.html]
[javascript.info/global-object.html]
[javascript.info/closure.html]
[javascript.info/function-object.html]
[javascript.info/new-function.html]
[javascript.info/settimeout-setinterval.html]
[javascript.info/call-apply-decorators.html]
[javascript.info/arrow-functions.html]
[javascript.info/bind.html]
[javascript.info/currying-partials.html]
[javascript.info/object-oriented-programming.html]
[javascript.info/property-accessors.html]
[javascript.info/property-descriptors.html]
[javascript.info/function-prototype.html]
[javascript.info/native-prototypes.html]
[javascript.info/prototype-methods.html]
[javascript.info/prototype-inheritance.html]
[javascript.info/class-patterns.html]
[javascript.info/class.html]
[javascript.info/instanceof.html]
[javascript.info/class-inheritance.html]
[javascript.info/mixins.html]
[javascript.info/error-handling.html]
[javascript.info/try-catch.html]
[javascript.info/document.html]
[javascript.info/custom-errors.html]
[javascript.info/browser-environment.html]
[javascript.info/dom-nodes.html]
[javascript.info/dom-navigation.html]
[javascript.info/searching-elements-dom.html]
[javascript.info/basic-dom-node-properties.html]
[javascript.info/dom-attributes-and-properties.html]
[javascript.info/modifying-document.html]
[javascript.info/styles-and-classes.html]
[javascript.info/size-and-scroll-window.html]
[javascript.info/size-and-scroll.html]
[javascript.info/events.html]
[javascript.info/coordinates.html]
[javascript.info/bubbling-and-capturing.html]
[javascript.info/introduction-browser-events.html]
[javascript.info/event-delegation.html]
[javascript.info/default-browser-action.html]
[javascript.info/dispatch-events.html]
[javascript.info/event-details.html]
[javascript.info/mouse-events-basics.html]
[javascript.info/mousemove-mouseover-mouseout-mouseenter-mouseleave.html]
[javascript.info/mouse-drag-and-drop.html]
[javascript.info/keyboard-events.html]
[javascript.info/onscroll.html]
[javascript.info/onload-ondomcontentloaded.html]
[javascript.info/onload-onerror.html]
[javascript.info/forms-controls.html]
[javascript.info/form-elements.html]
[javascript.info/focus-blur.html]
[javascript.info/events-change-input.html]
[javascript.info/forms-submit.html]
[javascript.info/animation.html]
[javascript.info/bezier-curve.html]
[javascript.info/css-animations.html]
[javascript.info/frames-and-windows.html]
[javascript.info/popup-windows.html]
[javascript.info/js-animation.html]
[javascript.info/cross-window-communication.html]
[javascript.info/regular-expressions.html]
[javascript.info/clickjacking.html]
[javascript.info/regexp-introduction.html]
[javascript.info/regexp-methods.html]
[javascript.info/regexp-character-classes.html]
[javascript.info/regexp-character-sets-and-ranges.html]
[javascript.info/regexp-escaping.html]
[javascript.info/regexp-unicode.html]
[javascript.info/regexp-quantifiers.html]
[javascript.info/regexp-greedy-and-lazy.html]
[javascript.info/regexp-groups.html]
[javascript.info/regexp-backreferences.html]
[javascript.info/regexp-alternation.html]
[javascript.info/regexp-anchors.html]
[javascript.info/regexp-multiline-mode.html]
[javascript.info/regexp-lookahead.html]
[javascript.info/async.html]
[javascript.info/regexp-infinite-backtracking-problem.html]
[javascript.info/callbacks.html]
[javascript.info/promise-basics.html]
[javascript.info/promise-api.html]
[javascript.info/promise-chaining.html]
[javascript.info/index.html]
[javascript.info/async-await.html]
[javascript.info/about.html]
[javascript.info/pack/modules/styles/blocks/page-footer/slack.8559a3750105522de87657cad56c63d1.svg]
[javascript.info/pack/modules/styles/blocks/receipts/receipts__bg.413a20d949507701d49bfb20f506bb18.svg]
[javascript.info/pack/modules/styles/blocks/font/icons.a8d8abb4ca8e8b672461878579300fa4.woff]
[javascript.info/pack/modules/styles/blocks/receipts/pay-logo-webmoney.a2d7731f4b07a06159fb4cd96410474c.svg]
[javascript.info/pack/modules/styles/blocks/receipts/pay-logo-banksimple.360f045dbdc439951385904dfef9a4ea.svg]
[javascript.info/pack/modules/styles/blocks/receipts/pay-logo-interkassa.061691c5d782b4b99d4c3e9797da6351.svg]
[javascript.info/pack/modules/styles/blocks/font/icons.191c88d70c11634a7de7bc910b808505.otf]
[javascript.info/pack/modules/styles/blocks/receipts/pay-logo-payanyway.b76b66a121e198d0e708f047b82e05fc.svg]
[javascript.info/pack/modules/styles/blocks/receipts/pay-logo-paypal.9977c3c0b4f689df7a14191d0e31a565.svg]
[javascript.info/pack/styles.da59a89b28153875791083e4a8c5adb3.css]
[javascript.info/img/sitetoolbar__logo_en-white.svg]
[javascript.info/img/sitetoolbar__logo_small_en-white.svg]
[javascript.info/pack/modules/styles/blocks/receipts/pay-logo-yandexmoney.5ecc4a8570830c9bfbe482c9375d9fba.svg]
[javascript.info/pack/handlers/about/templates/blocks/about-en-banner/header.c414e72a87b700d27efbcfe6f6358f59.jpg]
[javascript.info/img/subscribe_bg.svg]
[javascript.info/img/sitetoolbar__logo_en.svg]
[javascript.info/pack/ebook.688d4fe7c4cf54e23737.js]
[javascript.info/ebook.html]
[javascript.info/img/sitetoolbar__logo_small_en.svg]
[javascript.info/task/hello-alert.html]
[javascript.info/task/hello-alert-ext.html]
[javascript.info/task/hello-variables.html]
[javascript.info/task/declare-variables.html]
[javascript.info/task/uppercast-constant.html]
[javascript.info/task/string-quotes.html]
[javascript.info/task/primitive-conversions-questions.html]
[javascript.info/task/increment-order.html]
[javascript.info/task/assignment-result.html]
[javascript.info/task/comparison-questions.html]
[javascript.info/task/simple-page.html]
[javascript.info/task/if-zero-string.html]
[javascript.info/task/check-standard.html]
[javascript.info/task/sign.html]
[javascript.info/task/rewrite-if-question.html]
[javascript.info/task/check-login.html]
[javascript.info/task/rewrite-if-else-question.html]
[javascript.info/task/alert-null-2-undefined.html]
[javascript.info/task/alert-or.html]
[javascript.info/task/alert-1-null-2.html]
[javascript.info/task/alert-and.html]
[javascript.info/task/alert-and-or.html]
[javascript.info/task/check-if-out-range.html]
[javascript.info/task/if-question.html]
[javascript.info/task/check-if-in-range.html]
[javascript.info/task/loop-last-value.html]
[javascript.info/task/which-value-for.html]
[javascript.info/task/which-value-while.html]
[javascript.info/task/for-even.html]
[javascript.info/task/replace-for-while.html]
[javascript.info/task/repeat-until-correct.html]
[javascript.info/task/list-primes.html]
[javascript.info/task/rewrite-switch-if-else.html]
[javascript.info/task/rewrite-if-switch.html]
[javascript.info/task/if-else-required.html]
[javascript.info/task/rewrite-function-question-or.html]
[javascript.info/task/min.html]
[javascript.info/task/pow.html]
[javascript.info/task/rewrite-arrow.html]
[javascript.info/task/style-errors.html]
[javascript.info/task/pow-test-wrong.html]
[javascript.info/task/is-empty.html]
[javascript.info/task/hello-object.html]
[javascript.info/task/const-object.html]
[javascript.info/task/sum-object.html]
[javascript.info/task/multiply-numeric.html]
[javascript.info/task/check-syntax.html]
[javascript.info/task/why-this.html]
[javascript.info/task/object-property-this.html]
[javascript.info/task/calculator.html]
[javascript.info/task/chain-calls.html]
[javascript.info/task/calculator-constructor.html]
[javascript.info/task/two-functions-one-object.html]
[javascript.info/task/accumulator.html]
[javascript.info/task/string-new-property.html]
[javascript.info/task/sum-interface.html]
[javascript.info/task/calculator-extendable.html]
[javascript.info/task/why-rounded-down.html]
[javascript.info/task/repeat-until-number.html]
[javascript.info/task/endless-loop-error.html]
[javascript.info/task/random-min-max.html]
[javascript.info/task/random-int-min-max.html]
[javascript.info/task/ucfirst.html]
[javascript.info/task/check-spam.html]
[javascript.info/task/truncate.html]
[javascript.info/task/extract-currency.html]
[javascript.info/task/item-value.html]
[javascript.info/task/create-array.html]
[javascript.info/task/call-array-this.html]
[javascript.info/task/array-input-sum.html]
[javascript.info/task/maximal-subarray.html]
[javascript.info/task/camelcase.html]
[javascript.info/task/filter-range.html]
[javascript.info/task/filter-range-in-place.html]
[javascript.info/task/sort-back.html]
[javascript.info/task/copy-sort-array.html]
[javascript.info/task/array-get-names.html]
[javascript.info/task/map-objects.html]
[javascript.info/task/shuffle.html]
[javascript.info/task/sort-objects.html]
[javascript.info/task/average-age.html]
[javascript.info/task/array-unique.html]
[javascript.info/task/array-unique-map.html]
[javascript.info/task/filter-anagrams.html]
[javascript.info/task/iterable-keys.html]
[javascript.info/task/recipients-read.html]
[javascript.info/task/recipients-when-read.html]
[javascript.info/task/sum-salaries.html]
[javascript.info/task/count-properties.html]
[javascript.info/task/destructuring-assignment.html]
[javascript.info/task/max-salary.html]
[javascript.info/task/new-date.html]
[javascript.info/task/get-week-day.html]
[javascript.info/task/weekday.html]
[javascript.info/task/get-date-ago.html]
[javascript.info/task/last-day-of-month.html]
[javascript.info/task/get-seconds-today.html]
[javascript.info/task/get-seconds-to-tomorrow.html]
[javascript.info/task/format-date-relative.html]
[javascript.info/task/serialize-object.html]
[javascript.info/task/serialize-event-circular.html]
[javascript.info/task/sum-to.html]
[javascript.info/task/factorial.html]
[javascript.info/task/fibonacci-numbers.html]
[javascript.info/task/output-single-linked-list.html]
[javascript.info/task/output-single-linked-list-reverse.html]
[javascript.info/task/counter-independent.html]
[javascript.info/task/counter-object-independent.html]
[javascript.info/task/function-in-if.html]
[javascript.info/task/closure-sum.html]
[javascript.info/task/filter-through-function.html]
[javascript.info/task/sort-by-field.html]
[javascript.info/task/make-army.html]
[javascript.info/task/counter-inc-dec.html]
[javascript.info/task/sum-many-brackets.html]
[javascript.info/task/output-numbers-100ms.html]
[javascript.info/task/rewrite-settimeout.html]
[javascript.info/task/settimeout-result.html]
[javascript.info/task/spy-decorator.html]
[javascript.info/task/delay.html]
[javascript.info/task/debounce.html]
[javascript.info/task/throttle.html]
[javascript.info/task/write-to-object-after-bind.html]
[javascript.info/task/second-bind.html]
[javascript.info/task/function-property-after-bind.html]
[javascript.info/task/question-use-bind.html]
[javascript.info/task/ask-currying.html]
[javascript.info/task/property-after-delete.html]
[javascript.info/task/search-algorithm.html]
[javascript.info/task/proto-and-this.html]
[javascript.info/task/hamster-proto.html]
[javascript.info/task/changing-prototype.html]
[javascript.info/task/new-object-same-constructor.html]
[javascript.info/task/defer-to-prototype.html]
[javascript.info/task/defer-to-prototype-extended.html]
[javascript.info/task/dictionary-tostring.html]
[javascript.info/task/compare-calls.html]
[javascript.info/task/inheritance-error-assign.html]
[javascript.info/task/rewrite-to-prototypes.html]
[javascript.info/task/rewrite-to-class.html]
[javascript.info/task/class-constructor-error.html]
[javascript.info/task/clock-class-extended.html]
[javascript.info/task/class-extend-object.html]
[javascript.info/task/strange-instanceof.html]
[javascript.info/task/finally-or-code-after.html]
[javascript.info/task/format-error.html]
[javascript.info/task/dom-children.html]
[javascript.info/task/navigation-links-which-null.html]
[javascript.info/task/select-diagonal-cells.html]
[javascript.info/task/find-elements.html]
[javascript.info/task/tree-info.html]
[javascript.info/task/lastchild-nodetype-inline.html]
[javascript.info/task/tag-in-comment.html]
[javascript.info/task/where-document-in-hierarchy.html]
[javascript.info/task/get-user-attribute.html]
[javascript.info/task/yellow-links.html]
[javascript.info/task/createtextnode-vs-innerhtml.html]
[javascript.info/task/clear-elem.html]
[javascript.info/task/why-aaa.html]
[javascript.info/task/create-list.html]
[javascript.info/task/create-object-tree.html]
[javascript.info/task/tree-count.html]
[javascript.info/task/calendar-table.html]
[javascript.info/task/clock-setinterval.html]
[javascript.info/task/append-to-list.html]
[javascript.info/task/sort-table.html]
[javascript.info/task/create-notification.html]
[javascript.info/task/get-scroll-height-bottom.html]
[javascript.info/task/scrollbar-width.html]
[javascript.info/task/put-ball-in-center.html]
[javascript.info/task/width-vs-clientwidth.html]
[javascript.info/task/find-point-coordinates.html]
[javascript.info/task/position-at.html]
[javascript.info/task/position-at-absolute.html]
[javascript.info/task/position-inside-absolute.html]
[javascript.info/task/hide-other.html]
[javascript.info/task/hide-self-onclick.html]
[javascript.info/task/which-handlers-run.html]
[javascript.info/task/move-ball-field.html]
[javascript.info/task/sliding-menu.html]
[javascript.info/task/hide-message.html]
[javascript.info/task/carousel.html]
[javascript.info/task/hide-message-delegate.html]
[javascript.info/task/sliding-tree.html]
[javascript.info/task/sortable-table.html]
[javascript.info/task/behavior-tooltip.html]
[javascript.info/task/why-return-false-fails.html]
[javascript.info/task/catch-link-navigation.html]
[javascript.info/task/image-gallery.html]
[javascript.info/task/selectable-list.html]
[javascript.info/task/behavior-nested-tooltip.html]
[javascript.info/task/hoverintent.html]
[javascript.info/task/slider.html]
[javascript.info/task/drag-heroes.html]
[javascript.info/task/check-sync-keydown.html]
[javascript.info/task/endless-page.html]
[javascript.info/task/load-visible-img.html]
[javascript.info/task/updown-button.html]
[javascript.info/task/load-img-callback.html]
[javascript.info/task/add-select-option.html]
[javascript.info/task/editable-div.html]
[javascript.info/task/edit-td-click.html]
[javascript.info/task/keyboard-mouse.html]
[javascript.info/task/deposit-calculator.html]
[javascript.info/task/modal-dialog.html]
[javascript.info/task/animate-logo-css.html]
[javascript.info/task/animate-circle.html]
[javascript.info/task/animate-ball.html]
[javascript.info/task/find-time-hh-mm.html]
[javascript.info/task/animate-logo-bezier-css.html]
[javascript.info/task/animate-ball-hops.html]
[javascript.info/task/find-time-2-formats.html]
[javascript.info/task/find-range-1.html]
[javascript.info/task/find-text-manydots.html]
[javascript.info/task/find-html-colors-6hex.html]
[javascript.info/task/lazy-greedy.html]
[javascript.info/task/find-html-comments.html]
[javascript.info/task/find-html-tags-greedy-lazy.html]
[javascript.info/task/find-webcolor-3-or-6.html]
[javascript.info/task/find-decimal-positive-numbers.html]
[javascript.info/task/find-decimal-numbers.html]
[javascript.info/task/parse-expression.html]
[javascript.info/task/find-programming-language.html]
[javascript.info/task/find-matching-bbtags.html]
[javascript.info/task/match-quoted-string.html]
[javascript.info/task/match-exact-tag.html]
[javascript.info/task/start-end.html]
[javascript.info/task/test-mac.html]
[javascript.info/task/animate-circle-callback.html]
[javascript.info/task/re-resolve.html]
[javascript.info/task/delay-promise.html]
[javascript.info/task/animate-circle-promise.html]
[javascript.info/task/then-vs-catch.html]
[javascript.info/task/error-async.html]
[javascript.info/task/promise-errors-as-results.html]
[javascript.info/task/rewrite-async.html]
[javascript.info/tutorial/map.html]
[javascript.info/task/rewrite-async-2.html]
[javascript.info/getting-started.html]
[javascript.info/task/promise-errors-as-results-2.html]
[javascript.info/js.html]
[javascript.info/article/intro/limitations.png]
[javascript.info/intro.html]
[javascript.info/code-editors.html]
[javascript.info/article/devtools/bug.html]
[javascript.info/article/devtools/chrome.png]
[javascript.info/devtools.html]
[javascript.info/article/devtools/safari.png]
[javascript.info/first-steps.html]
[javascript.info/ui.html]
[javascript.info/hello-world.html]
[javascript.info/structure.html]
[javascript.info/strict-mode.html]
[javascript.info/article/variables/variable.png]
[javascript.info/article/variables/variable-change.png]
[javascript.info/variables.html]
[javascript.info/types.html]
[javascript.info/type-conversions.html]
[javascript.info/operators.html]
[javascript.info/comparison.html]
[javascript.info/alert-prompt-confirm.html]
[javascript.info/task/check-standard/ifelse_task2.png]
[javascript.info/task/check-login/ifelse_task.png]
[javascript.info/ifelse.html]
[javascript.info/logical-operators.html]
[javascript.info/while-for.html]
[javascript.info/switch.html]
[javascript.info/article/function-basics/function_basics.png]
[javascript.info/function-basics.html]
[javascript.info/function-expressions-arrows.html]
[javascript.info/javascript-specials.html]
[javascript.info/code-quality.html]
[javascript.info/article/debugging-chrome/toolbarButtonGlyphs.svg]
[javascript.info/article/debugging-chrome/debugging/index.html]
[javascript.info/article/debugging-chrome/chrome-open-sources.png]
[javascript.info/article/debugging-chrome/chrome-tabs.png]
[javascript.info/article/debugging-chrome/chrome-sources-console.png]
[javascript.info/article/debugging-chrome/chrome-sources-breakpoint.png]
[javascript.info/article/debugging-chrome/chrome-sources-debugger-pause.png]
[javascript.info/article/debugging-chrome/chrome-sources-debugger-trace-1.png]
[javascript.info/debugging-chrome.html]
[javascript.info/article/coding-style/code-style.png]
[javascript.info/coding-style.html]
[javascript.info/article/coding-style/figure-bracket-style.png]
[javascript.info/comments.html]
[javascript.info/ninja-code.html]
[javascript.info/testing-mocha.html]
[javascript.info/polyfills.html]
[javascript.info/object-basics.html]
[javascript.info/article/object/object.png]
[javascript.info/article/object/object-user-empty.png]
[javascript.info/article/object/object-user.png]
[javascript.info/article/object/object-user-isadmin.png]
[javascript.info/article/object/object-user-delete.png]
[javascript.info/article/object/object-user-props.png]
[javascript.info/article/object/variable-copy-value.png]
[javascript.info/article/object/variable-contains-reference.png]
[javascript.info/object.html]
[javascript.info/article/object/variable-copy-reference.png]
[javascript.info/article/garbage-collection/memory-user-john.png]
[javascript.info/article/garbage-collection/memory-user-john-lost.png]
[javascript.info/article/garbage-collection/memory-user-john-admin.png]
[javascript.info/article/garbage-collection/family.png]
[javascript.info/article/garbage-collection/family-delete-refs.png]
[javascript.info/article/garbage-collection/family-no-father.png]
[javascript.info/article/garbage-collection/family-no-father-2.png]
[javascript.info/article/garbage-collection/family-no-family.png]
[javascript.info/article/garbage-collection/garbage-collection-1.png]
[javascript.info/article/garbage-collection/garbage-collection-2.png]
[javascript.info/article/garbage-collection/garbage-collection-3.png]
[javascript.info/article/garbage-collection/garbage-collection-4.png]
[javascript.info/article/garbage-collection/garbage-collection-5.png]
[javascript.info/garbage-collection.html]
[javascript.info/symbol.html]
[javascript.info/object-methods.html]
[javascript.info/object-toprimitive.html]
[javascript.info/constructor-new.html]
[javascript.info/data-types.html]
[javascript.info/primitives-methods.html]
[javascript.info/number.html]
[javascript.info/string.html]
[javascript.info/article/array/queue.png]
[javascript.info/article/array/stack.png]
[javascript.info/article/array/array-speed.png]
[javascript.info/article/array/array-shift.png]
[javascript.info/article/array/array-pop.png]
[javascript.info/array.html]
[javascript.info/article/array-methods/reduce.png]
[javascript.info/array-methods.html]
[javascript.info/iterable.html]
[javascript.info/map-set-weakmap-weakset.html]
[javascript.info/keys-values-entries.html]
[javascript.info/destructuring-assignment.html]
[javascript.info/date.html]
[javascript.info/article/destructuring-assignment/destructuring-complex.png]
[javascript.info/article/json/json-meetup.png]
[javascript.info/json.html]
[javascript.info/advanced-functions.html]
[javascript.info/article/recursion/recursion-pow.png]
[javascript.info/article/recursion/recursive-salaries.png]
[javascript.info/article/recursion/linked-list.png]
[javascript.info/article/recursion/linked-list-split.png]
[javascript.info/article/recursion/linked-list-0.png]
[javascript.info/article/recursion/linked-list-remove-1.png]
[javascript.info/recursion.html]
[javascript.info/rest-parameters-spread-operator.html]
[javascript.info/task/fibonacci-numbers/fibonacci-recursion-tree.png]
[javascript.info/article/closure/lexical-environment-global.png]
[javascript.info/article/closure/lexical-environment-global-2.png]
[javascript.info/article/closure/lexical-environment-global-3.png]
[javascript.info/article/closure/lexical-environment-simple.png]
[javascript.info/article/closure/lexical-environment-simple-lookup.png]
[javascript.info/article/closure/lexical-search-order.png]
[javascript.info/article/closure/lexenv-nested-makecounter-1.png]
[javascript.info/article/closure/lexenv-nested-makecounter-2.png]
[javascript.info/article/closure/lexenv-nested-makecounter-3.png]
[javascript.info/article/closure/lexenv-nested-makecounter-4.png]
[javascript.info/article/closure/lexenv-nested-makecounter-5.png]
[javascript.info/article/closure/lexenv-nested-makecounter-6.png]
[javascript.info/article/closure/lexenv-nested-work.png]
[javascript.info/article/closure/lexenv-if.png]
[javascript.info/task/make-army/lexenv-makearmy.png]
[javascript.info/closure.html]
[javascript.info/var.html]
[javascript.info/global-object.html]
[javascript.info/function-object.html]
[javascript.info/new-function.html]
[javascript.info/article/settimeout-setinterval/setinterval-interval.png]
[javascript.info/settimeout-setinterval.html]
[javascript.info/article/settimeout-setinterval/settimeout-interval.png]
[javascript.info/article/call-apply-decorators/decorator-makecaching-wrapper.png]
[javascript.info/call-apply-decorators.html]
[javascript.info/bind.html]
[javascript.info/currying-partials.html]
[javascript.info/arrow-functions.html]
[javascript.info/object-oriented-programming.html]
[javascript.info/property-descriptors.html]
[javascript.info/property-accessors.html]
[javascript.info/article/prototype-inheritance/object-prototype-empty.png]
[javascript.info/article/prototype-inheritance/proto-animal-rabbit.png]
[javascript.info/article/prototype-inheritance/proto-animal-rabbit-walk.png]
[javascript.info/article/prototype-inheritance/proto-animal-rabbit-chain.png]
[javascript.info/article/prototype-inheritance/proto-animal-rabbit-walk-2.png]
[javascript.info/prototype-inheritance.html]
[javascript.info/article/prototype-inheritance/proto-animal-rabbit-walk-3.png]
[javascript.info/article/function-prototype/proto-constructor-animal-rabbit.png]
[javascript.info/article/function-prototype/function-prototype-constructor.png]
[javascript.info/function-prototype.html]
[javascript.info/article/function-prototype/rabbit-prototype-constructor.png]
[javascript.info/article/native-prototypes/object-prototype.png]
[javascript.info/article/native-prototypes/object-prototype-1.png]
[javascript.info/article/native-prototypes/native-prototypes-classes.png]
[javascript.info/article/native-prototypes/native-prototypes-array-tostring.png]
[javascript.info/native-prototypes.html]
[javascript.info/article/native-prototypes/console_dir_array.png]
[javascript.info/article/prototype-methods/object-prototype-2.png]
[javascript.info/article/prototype-methods/object-prototype-null.png]
[javascript.info/prototype-methods.html]
[javascript.info/article/prototype-methods/rabbit-animal-object.png]
[javascript.info/article/class-patterns/rabbit-animal-independent-1.png]
[javascript.info/article/class-patterns/rabbit-animal-independent-2.png]
[javascript.info/article/class-patterns/class-inheritance-rabbit-animal.png]
[javascript.info/article/class-patterns/class-inheritance-rabbit-animal-2.png]
[javascript.info/class-patterns.html]
[javascript.info/article/class/class-user.png]
[javascript.info/class.html]
[javascript.info/article/class-inheritance/animal-rabbit-extends.png]
[javascript.info/article/class-inheritance/this-super-loop.png]
[javascript.info/article/class-inheritance/animal-rabbit-static.png]
[javascript.info/article/class-inheritance/object-date-inheritance.png]
[javascript.info/task/class-extend-object/rabbit-extends-object.png]
[javascript.info/class-inheritance.html]
[javascript.info/instanceof.html]
[javascript.info/article/instanceof/instanceof.png]
[javascript.info/article/mixins/mixin-inheritance.png]
[javascript.info/mixins.html]
[javascript.info/error-handling.html]
[javascript.info/article/try-catch/try-catch-flow.png]
[javascript.info/try-catch.html]
[javascript.info/custom-errors.html]
[javascript.info/document.html]
[javascript.info/browser-environment.html]
[javascript.info/article/browser-environment/windowObjects.png]
[javascript.info/article/dom-nodes/toolbarButtonGlyphs.svg]
[javascript.info/article/dom-nodes/elks.html]
[javascript.info/article/dom-nodes/elks.png]
[javascript.info/article/dom-nodes/inspect.png]
[javascript.info/article/dom-nodes/domconsole0.png]
[javascript.info/article/dom-nodes/domconsole1.png]
[javascript.info/dom-nodes.html]
[javascript.info/article/dom-navigation/dom-links.png]
[javascript.info/article/dom-navigation/dom-links-elements.png]
[javascript.info/dom-navigation.html]
[javascript.info/task/find-elements/table.html]
[javascript.info/searching-elements-dom.html]
[javascript.info/basic-dom-node-properties.html]
[javascript.info/dom-attributes-and-properties.html]
[javascript.info/article/basic-dom-node-properties/dom-class-hierarchy.png]
[javascript.info/article/modifying-document/before-prepend-append-after.png]
[javascript.info/modifying-document.html]
[javascript.info/styles-and-classes.html]
[javascript.info/article/modifying-document/insert-adjacent.png]
[javascript.info/article/size-and-scroll/metric-css.png]
[javascript.info/article/size-and-scroll/metric-all.png]
[javascript.info/article/size-and-scroll/metric-offset-parent.png]
[javascript.info/article/size-and-scroll/metric-offset-width-height.png]
[javascript.info/article/size-and-scroll/metric-client-left-top.png]
[javascript.info/article/size-and-scroll/metric-client-left-top-rtl.png]
[javascript.info/article/size-and-scroll/metric-client-width-height.png]
[javascript.info/article/size-and-scroll/metric-client-width-nopadding.png]
[javascript.info/article/size-and-scroll/metric-scroll-width-height.png]
[javascript.info/article/size-and-scroll/metric-scroll-top.png]
[javascript.info/task/put-ball-in-center/field.png]
[javascript.info/size-and-scroll.html]
[javascript.info/article/size-and-scroll-window/document-client-width-height.png]
[javascript.info/size-and-scroll-window.html]
[javascript.info/article/coordinates/coords.png]
[javascript.info/article/coordinates/document-window-coordinates-zero.png]
[javascript.info/article/coordinates/document-window-coordinates-scroll.png]
[javascript.info/coordinates.html]
[javascript.info/events.html]
[javascript.info/task/move-ball-field/move-ball-coords.png]
[javascript.info/task/carousel/carousel1.png]
[javascript.info/task/carousel/carousel2.png]
[javascript.info/introduction-browser-events.html]
[javascript.info/article/bubbling-and-capturing/event-order-bubbling.png]
[javascript.info/article/bubbling-and-capturing/eventflow.png]
[javascript.info/bubbling-and-capturing.html]
[javascript.info/article/bubbling-and-capturing/bubble-target/index.html]
[javascript.info/article/event-delegation/bagua-bubble.png]
[javascript.info/event-delegation.html]
[javascript.info/default-browser-action.html]
[javascript.info/dispatch-events.html]
[javascript.info/event-details.html]
[javascript.info/mouse-events-basics.html]
[javascript.info/article/mousemove-mouseover-mouseout-mouseenter-mouseleave/mouseover-mouseout.png]
[javascript.info/article/mousemove-mouseover-mouseout-mouseenter-mouseleave/mouseover-mouseout-over-elems.png]
[javascript.info/article/mousemove-mouseover-mouseout-mouseenter-mouseleave/mouseover-mouseout-from-outside.png]
[javascript.info/article/mousemove-mouseover-mouseout-mouseenter-mouseleave/mouseover-to-child.png]
[javascript.info/mousemove-mouseover-mouseout-mouseenter-mouseleave.html]
[javascript.info/article/mousemove-mouseover-mouseout-mouseenter-mouseleave/mouseoverout/index.html]
[javascript.info/article/mouse-drag-and-drop/ball_shift.png]
[javascript.info/article/mousemove-mouseover-mouseout-mouseenter-mouseleave/mouseoverout-fast/index.html]
[javascript.info/mouse-drag-and-drop.html]
[javascript.info/article/mousemove-mouseover-mouseout-mouseenter-mouseleave/mouseoverout-child/index.html]
[javascript.info/keyboard-events.html]
[javascript.info/article/mousemove-mouseover-mouseout-mouseenter-mouseleave/mouseleave/index.html]
[javascript.info/onscroll.html]
[javascript.info/article/mousemove-mouseover-mouseout-mouseenter-mouseleave/mouseenter-mouseleave-delegation/index.html]
[javascript.info/onload-ondomcontentloaded.html]
[javascript.info/article/mousemove-mouseover-mouseout-mouseenter-mouseleave/mouseenter-mouseleave-delegation-2/index.html]
[javascript.info/onload-onerror.html]
[javascript.info/article/mouse-drag-and-drop/ball4/index.html]
[javascript.info/forms-controls.html]
[javascript.info/article/keyboard-events/keyboard-dump/index.html]
[javascript.info/form-elements.html]
[javascript.info/focus-blur.html]
[javascript.info/events-change-input.html]
[javascript.info/forms-submit.html]
[javascript.info/animation.html]
[javascript.info/article/form-elements/form-navigation.png]
[javascript.info/article/bezier-curve/bezier2.png]
[javascript.info/article/bezier-curve/bezier3.png]
[javascript.info/article/bezier-curve/bezier4.png]
[javascript.info/article/bezier-curve/bezier4-e.png]
[javascript.info/article/bezier-curve/bezier3-e.png]
[javascript.info/article/bezier-curve/bezier-car.png]
[javascript.info/article/bezier-curve/bezier-letter.png]
[javascript.info/article/bezier-curve/bezier-vase.png]
[javascript.info/article/bezier-curve/bezier3-draw1.png]
[javascript.info/article/bezier-curve/bezier3-draw2.png]
[javascript.info/bezier-curve.html]
[javascript.info/article/bezier-curve/demo37af.svg]
[javascript.info/article/css-animations/bezier-linear.png]
[javascript.info/article/css-animations/train-curve.png]
[javascript.info/article/css-animations/ease.png]
[javascript.info/article/css-animations/digits/index.html]
[javascript.info/article/css-animations/ease-in.png]
[javascript.info/article/css-animations/train-linear/index.html]
[javascript.info/article/css-animations/digits-negative-delay/index.html]
[javascript.info/article/css-animations/train/index.html]
[javascript.info/article/css-animations/ease-out.png]
[javascript.info/article/css-animations/ease-in-out.png]
[javascript.info/article/css-animations/bezier-train-over.png]
[javascript.info/article/css-animations/train-over/index.html]
[javascript.info/task/animate-logo-bezier-css/bezier-up.png]
[javascript.info/css-animations.html]
[javascript.info/article/css-animations/step/index.html]
[javascript.info/article/js-animation/linear.png]
[javascript.info/article/css-animations/step-end/index.html]
[javascript.info/article/js-animation/quad.png]
[javascript.info/article/js-animation/quint.png]
[javascript.info/article/js-animation/circ.png]
[javascript.info/article/js-animation/back.png]
[javascript.info/article/js-animation/move/index.html]
[javascript.info/article/js-animation/elastic.png]
[javascript.info/article/js-animation/width/index.html]
[javascript.info/article/js-animation/bounce-inout.png]
[javascript.info/js-animation.html]
[javascript.info/article/js-animation/circ-ease.png]
[javascript.info/frames-and-windows.html]
[javascript.info/popup-windows.html]
[javascript.info/article/js-animation/bounce-easeout/index.html]
[javascript.info/cross-window-communication.html]
[javascript.info/clickjacking.html]
[javascript.info/article/js-animation/bounce-easeinout/index.html]
[javascript.info/regular-expressions.html]
[javascript.info/article/js-animation/text/index.html]
[javascript.info/regexp-introduction.html]
[javascript.info/article/cross-window-communication/postmessage/index.html]
[javascript.info/article/cross-window-communication/sandbox/index.html]
[javascript.info/regexp-methods.html]
[javascript.info/article/clickjacking/clickjacking-visible/index.html]
[javascript.info/article/clickjacking/clickjacking/index.html]
[javascript.info/article/clickjacking/top-location/index.html]
[javascript.info/article/clickjacking/protector/index.html]
[javascript.info/article/regexp-character-classes/love-html5-classes.png]
[javascript.info/regexp-character-classes.html]
[javascript.info/regexp-escaping.html]
[javascript.info/regexp-character-sets-and-ranges.html]
[javascript.info/regexp-unicode.html]
[javascript.info/regexp-quantifiers.html]
[javascript.info/article/regexp-character-classes/hello-java-boundaries.png]
[javascript.info/article/regexp-greedy-and-lazy/witch_greedy1.png]
[javascript.info/article/regexp-greedy-and-lazy/witch_greedy2.png]
[javascript.info/article/regexp-greedy-and-lazy/witch_greedy3.png]
[javascript.info/article/regexp-greedy-and-lazy/witch_greedy4.png]
[javascript.info/article/regexp-greedy-and-lazy/witch_greedy5.png]
[javascript.info/article/regexp-greedy-and-lazy/witch_greedy6.png]
[javascript.info/article/regexp-greedy-and-lazy/witch_lazy3.png]
[javascript.info/article/regexp-greedy-and-lazy/witch_lazy4.png]
[javascript.info/article/regexp-greedy-and-lazy/witch_lazy5.png]
[javascript.info/regexp-greedy-and-lazy.html]
[javascript.info/article/regexp-greedy-and-lazy/witch_lazy6.png]
[javascript.info/regexp-groups.html]
[javascript.info/regexp-backreferences.html]
[javascript.info/regexp-alternation.html]
[javascript.info/regexp-anchors.html]
[javascript.info/regexp-multiline-mode.html]
[javascript.info/regexp-lookahead.html]
[javascript.info/regexp-infinite-backtracking-problem.html]
[javascript.info/async.html]
[javascript.info/article/regexp-groups/regexp-nested-groups.png]
[javascript.info/article/callbacks/callback-hell.png]
[javascript.info/callbacks.html]
[javascript.info/article/promise-basics/promise-resolve-reject.png]
[javascript.info/article/promise-basics/promise-resolve-1.png]
[javascript.info/promise-basics.html]
[javascript.info/article/promise-basics/promise-reject-1.png]
[javascript.info/article/promise-chaining/promise-then-chain.png]
[javascript.info/article/promise-chaining/promise-then-many.png]
[javascript.info/article/promise-chaining/promise-handler-variants.png]
[javascript.info/promise-chaining.html]
[javascript.info/promise-api.html]
[javascript.info/async-await.html]
[javascript.info/article/promise-chaining/promise-handler-variants-2.png]
[javascript.info/pack/about.66e6cdd11b768f7fea8ecc608c83ab76.css]
[javascript.info/pack/about.688d4fe7c4cf54e23737.js]
[javascript.info/img/logo-en-white.svg]
[javascript.info/about/iliakan.jpg]
[javascript.info/about/bezart.jpg]
[javascript.info/about.html]
[javascript.info/pack/modules/styles/blocks/page-footer/slack.8559a3750105522de87657cad56c63d1.svg]
[javascript.info/pack/modules/styles/blocks/receipts/receipts__bg.413a20d949507701d49bfb20f506bb18.svg]
[javascript.info/pack/modules/styles/blocks/receipts/pay-logo-webmoney.a2d7731f4b07a06159fb4cd96410474c.svg]
[javascript.info/pack/modules/styles/blocks/receipts/pay-logo-banksimple.360f045dbdc439951385904dfef9a4ea.svg]
[javascript.info/pack/modules/styles/blocks/receipts/pay-logo-interkassa.061691c5d782b4b99d4c3e9797da6351.svg]
[javascript.info/pack/modules/styles/blocks/receipts/pay-logo-payanyway.b76b66a121e198d0e708f047b82e05fc.svg]
[javascript.info/pack/modules/styles/blocks/receipts/pay-logo-paypal.9977c3c0b4f689df7a14191d0e31a565.svg]
[javascript.info/pack/modules/styles/blocks/receipts/pay-logo-yandexmoney.5ecc4a8570830c9bfbe482c9375d9fba.svg]
[javascript.info/img/subscribe_bg.svg]
[javascript.info/img/sitetoolbar__logo_en.svg]
[javascript.info/img/sitetoolbar__logo_small_en.svg]
[javascript.info/task/hello-alert.html]
[javascript.info/task/hello-alert-ext.html]
[javascript.info/task/hello-variables.html]
[javascript.info/about/amax.jpg]
[javascript.info/task/declare-variables.html]
[javascript.info/task/uppercast-constant.html]
[javascript.info/task/string-quotes.html]
[javascript.info/task/primitive-conversions-questions.html]
[javascript.info/task/increment-order.html]
[javascript.info/task/assignment-result.html]
[javascript.info/task/comparison-questions.html]
[javascript.info/task/simple-page.html]
[javascript.info/task/if-zero-string.html]
[javascript.info/task/check-standard.html]
[javascript.info/task/sign.html]
[javascript.info/task/check-login.html]
[javascript.info/task/rewrite-if-question.html]
[javascript.info/task/rewrite-if-else-question.html]
[javascript.info/task/alert-null-2-undefined.html]
[javascript.info/task/alert-or.html]
[javascript.info/task/alert-1-null-2.html]
[javascript.info/task/alert-and.html]
[javascript.info/task/alert-and-or.html]
[javascript.info/task/check-if-in-range.html]
[javascript.info/task/check-if-out-range.html]
[javascript.info/task/if-question.html]
[javascript.info/task/loop-last-value.html]
[javascript.info/task/which-value-while.html]
[javascript.info/task/which-value-for.html]
[javascript.info/task/for-even.html]
[javascript.info/task/replace-for-while.html]
[javascript.info/task/repeat-until-correct.html]
[javascript.info/task/list-primes.html]
[javascript.info/task/rewrite-switch-if-else.html]
[javascript.info/task/rewrite-if-switch.html]
[javascript.info/task/if-else-required.html]
[javascript.info/task/rewrite-function-question-or.html]
[javascript.info/task/min.html]
[javascript.info/task/pow.html]
[javascript.info/task/rewrite-arrow.html]
[javascript.info/task/style-errors.html]
[javascript.info/task/pow-test-wrong.html]
[javascript.info/task/hello-object.html]
[javascript.info/task/is-empty.html]
[javascript.info/task/const-object.html]
[javascript.info/task/sum-object.html]
[javascript.info/task/multiply-numeric.html]
[javascript.info/task/check-syntax.html]
[javascript.info/task/why-this.html]
[javascript.info/task/object-property-this.html]
[javascript.info/task/calculator.html]
[javascript.info/task/chain-calls.html]
[javascript.info/task/two-functions-one-object.html]
[javascript.info/task/calculator-constructor.html]
[javascript.info/task/accumulator.html]
[javascript.info/task/calculator-extendable.html]
[javascript.info/task/string-new-property.html]
[javascript.info/task/sum-interface.html]
[javascript.info/task/why-rounded-down.html]
[javascript.info/task/repeat-until-number.html]
[javascript.info/task/endless-loop-error.html]
[javascript.info/task/random-min-max.html]
[javascript.info/task/random-int-min-max.html]
[javascript.info/task/ucfirst.html]
[javascript.info/task/check-spam.html]
[javascript.info/task/truncate.html]
[javascript.info/task/extract-currency.html]
[javascript.info/task/item-value.html]
[javascript.info/task/create-array.html]
[javascript.info/task/call-array-this.html]
[javascript.info/task/array-input-sum.html]
[javascript.info/task/maximal-subarray.html]
[javascript.info/task/camelcase.html]
[javascript.info/task/filter-range.html]
[javascript.info/task/filter-range-in-place.html]
[javascript.info/task/sort-back.html]
[javascript.info/task/copy-sort-array.html]
[javascript.info/task/array-get-names.html]
[javascript.info/task/map-objects.html]
[javascript.info/task/sort-objects.html]
[javascript.info/task/shuffle.html]
[javascript.info/task/average-age.html]
[javascript.info/task/array-unique.html]
[javascript.info/task/array-unique-map.html]
[javascript.info/task/filter-anagrams.html]
[javascript.info/task/iterable-keys.html]
[javascript.info/task/recipients-read.html]
[javascript.info/task/recipients-when-read.html]
[javascript.info/task/sum-salaries.html]
[javascript.info/task/count-properties.html]
[javascript.info/task/destructuring-assignment.html]
[javascript.info/task/max-salary.html]
[javascript.info/task/new-date.html]
[javascript.info/task/get-week-day.html]
[javascript.info/task/weekday.html]
[javascript.info/task/get-date-ago.html]
[javascript.info/task/last-day-of-month.html]
[javascript.info/task/get-seconds-today.html]
[javascript.info/task/get-seconds-to-tomorrow.html]
[javascript.info/task/format-date-relative.html]
[javascript.info/task/serialize-object.html]
[javascript.info/task/serialize-event-circular.html]
[javascript.info/task/sum-to.html]
[javascript.info/task/factorial.html]
[javascript.info/task/fibonacci-numbers.html]
[javascript.info/task/output-single-linked-list.html]
[javascript.info/task/output-single-linked-list-reverse.html]
[javascript.info/task/counter-independent.html]
[javascript.info/task/counter-object-independent.html]
[javascript.info/task/function-in-if.html]
[javascript.info/task/closure-sum.html]
[javascript.info/task/filter-through-function.html]
[javascript.info/task/sort-by-field.html]
[javascript.info/task/make-army.html]
[javascript.info/task/counter-inc-dec.html]
[javascript.info/task/sum-many-brackets.html]
[javascript.info/task/output-numbers-100ms.html]
[javascript.info/task/rewrite-settimeout.html]
[javascript.info/task/settimeout-result.html]
[javascript.info/task/spy-decorator.html]
[javascript.info/task/delay.html]
[javascript.info/task/debounce.html]
[javascript.info/task/throttle.html]
[javascript.info/task/write-to-object-after-bind.html]
[javascript.info/task/second-bind.html]
[javascript.info/task/function-property-after-bind.html]
[javascript.info/task/question-use-bind.html]
[javascript.info/task/ask-currying.html]
[javascript.info/task/property-after-delete.html]
[javascript.info/task/search-algorithm.html]
[javascript.info/task/proto-and-this.html]
[javascript.info/task/hamster-proto.html]
[javascript.info/task/changing-prototype.html]
[javascript.info/task/new-object-same-constructor.html]
[javascript.info/task/defer-to-prototype.html]
[javascript.info/task/defer-to-prototype-extended.html]
[javascript.info/task/dictionary-tostring.html]
[javascript.info/task/compare-calls.html]
[javascript.info/task/inheritance-error-assign.html]
[javascript.info/task/rewrite-to-prototypes.html]
[javascript.info/task/rewrite-to-class.html]
[javascript.info/task/class-constructor-error.html]
[javascript.info/task/clock-class-extended.html]
[javascript.info/task/class-extend-object.html]
[javascript.info/task/strange-instanceof.html]
[javascript.info/task/finally-or-code-after.html]
[javascript.info/task/format-error.html]
[javascript.info/task/dom-children.html]
[javascript.info/task/navigation-links-which-null.html]
[javascript.info/task/select-diagonal-cells.html]
[javascript.info/task/find-elements.html]
[javascript.info/task/tree-info.html]
[javascript.info/task/lastchild-nodetype-inline.html]
[javascript.info/task/tag-in-comment.html]
[javascript.info/task/where-document-in-hierarchy.html]
[javascript.info/task/get-user-attribute.html]
[javascript.info/task/yellow-links.html]
[javascript.info/task/createtextnode-vs-innerhtml.html]
[javascript.info/task/clear-elem.html]
[javascript.info/task/why-aaa.html]
[javascript.info/task/create-list.html]
[javascript.info/task/create-object-tree.html]
[javascript.info/task/tree-count.html]
[javascript.info/task/calendar-table.html]
[javascript.info/task/clock-setinterval.html]
[javascript.info/task/append-to-list.html]
[javascript.info/task/sort-table.html]
[javascript.info/task/create-notification.html]
[javascript.info/task/get-scroll-height-bottom.html]
[javascript.info/task/scrollbar-width.html]
[javascript.info/task/put-ball-in-center.html]
[javascript.info/task/width-vs-clientwidth.html]
[javascript.info/task/find-point-coordinates.html]
[javascript.info/task/position-at.html]
[javascript.info/task/position-at-absolute.html]
[javascript.info/task/position-inside-absolute.html]
[javascript.info/task/hide-other.html]
[javascript.info/task/hide-self-onclick.html]
[javascript.info/task/which-handlers-run.html]
[javascript.info/task/move-ball-field.html]
[javascript.info/task/sliding-menu.html]
[javascript.info/task/hide-message.html]
[javascript.info/task/carousel.html]
[javascript.info/task/hide-message-delegate.html]
[javascript.info/task/sliding-tree.html]
[javascript.info/task/sortable-table.html]
[javascript.info/task/behavior-tooltip.html]
[javascript.info/task/why-return-false-fails.html]
[javascript.info/task/catch-link-navigation.html]
[javascript.info/task/image-gallery.html]
[javascript.info/task/selectable-list.html]
[javascript.info/task/behavior-nested-tooltip.html]
[javascript.info/task/hoverintent.html]
[javascript.info/task/slider.html]
[javascript.info/task/drag-heroes.html]
[javascript.info/task/check-sync-keydown.html]
[javascript.info/task/endless-page.html]
[javascript.info/task/updown-button.html]
[javascript.info/task/load-visible-img.html]
[javascript.info/task/load-img-callback.html]
[javascript.info/task/add-select-option.html]
[javascript.info/task/editable-div.html]
[javascript.info/task/edit-td-click.html]
[javascript.info/task/keyboard-mouse.html]
[javascript.info/task/deposit-calculator.html]
[javascript.info/task/modal-dialog.html]
[javascript.info/task/animate-logo-css.html]
[javascript.info/task/animate-logo-bezier-css.html]
[javascript.info/task/animate-circle.html]
[javascript.info/task/animate-ball.html]
[javascript.info/task/animate-ball-hops.html]
[javascript.info/task/find-time-hh-mm.html]
[javascript.info/task/find-range-1.html]
[javascript.info/task/find-time-2-formats.html]
[javascript.info/task/find-text-manydots.html]
[javascript.info/task/find-html-colors-6hex.html]
[javascript.info/task/lazy-greedy.html]
[javascript.info/task/find-html-comments.html]
[javascript.info/task/find-html-tags-greedy-lazy.html]
[javascript.info/task/find-webcolor-3-or-6.html]
[javascript.info/task/find-decimal-positive-numbers.html]
[javascript.info/task/find-decimal-numbers.html]
[javascript.info/task/parse-expression.html]
[javascript.info/task/find-programming-language.html]
[javascript.info/task/find-matching-bbtags.html]
[javascript.info/task/match-quoted-string.html]
[javascript.info/task/match-exact-tag.html]
[javascript.info/task/start-end.html]
[javascript.info/task/test-mac.html]
[javascript.info/task/animate-circle-callback.html]
[javascript.info/task/re-resolve.html]
[javascript.info/task/delay-promise.html]
[javascript.info/task/animate-circle-promise.html]
[javascript.info/task/then-vs-catch.html]
[javascript.info/task/error-async.html]
[javascript.info/task/promise-errors-as-results.html]
[javascript.info/task/promise-errors-as-results-2.html]
[javascript.info/task/rewrite-async.html]
[javascript.info/task/rewrite-async-2.html]
[javascript.info/js.html]
[javascript.info/article/devtools/bug.html]
[javascript.info/ui.html]
[javascript.info/usr/local/google/home/caseq/aa.png]
[javascript.info/article/debugging-chrome/toolbarButtonGlyphs.svg]
[javascript.info/article/debugging-chrome/debugging/index.html]
[javascript.info/article/dom-nodes/toolbarButtonGlyphs.svg]
[javascript.info/article/dom-nodes/elks.html]
[javascript.info/task/find-elements/table.html]
[javascript.info/article/debugging-chrome/debugging/hello.js]
[javascript.info/article/bubbling-and-capturing/bubble-target/example.css]
[javascript.info/article/bubbling-and-capturing/bubble-target/index.html]
[javascript.info/article/bubbling-and-capturing/bubble-target/script.js]
[javascript.info/article/mousemove-mouseover-mouseout-mouseenter-mouseleave/mouseoverout/style.css]
[javascript.info/article/mousemove-mouseover-mouseout-mouseenter-mouseleave/mouseoverout/index.html]
[javascript.info/article/mousemove-mouseover-mouseout-mouseenter-mouseleave/mouseoverout/script.js]
[javascript.info/article/mousemove-mouseover-mouseout-mouseenter-mouseleave/mouseoverout-fast/style.css]
[javascript.info/article/mousemove-mouseover-mouseout-mouseenter-mouseleave/mouseoverout-fast/index.html]
[javascript.info/article/mousemove-mouseover-mouseout-mouseenter-mouseleave/mouseoverout-fast/script.js]
[javascript.info/article/mousemove-mouseover-mouseout-mouseenter-mouseleave/mouseoverout-child/style.css]
[javascript.info/article/mousemove-mouseover-mouseout-mouseenter-mouseleave/mouseoverout-child/index.html]
[javascript.info/article/mousemove-mouseover-mouseout-mouseenter-mouseleave/mouseoverout-child/script.js]
[javascript.info/article/mousemove-mouseover-mouseout-mouseenter-mouseleave/mouseleave/style.css]
[javascript.info/article/mousemove-mouseover-mouseout-mouseenter-mouseleave/mouseleave/index.html]
[javascript.info/article/mousemove-mouseover-mouseout-mouseenter-mouseleave/mouseleave/script.js]
[javascript.info/article/mousemove-mouseover-mouseout-mouseenter-mouseleave/mouseenter-mouseleave-delegation/style.css]
[javascript.info/article/mousemove-mouseover-mouseout-mouseenter-mouseleave/mouseenter-mouseleave-delegation/index.html]
[javascript.info/article/mousemove-mouseover-mouseout-mouseenter-mouseleave/mouseenter-mouseleave-delegation/script.js]
[javascript.info/article/mousemove-mouseover-mouseout-mouseenter-mouseleave/mouseenter-mouseleave-delegation-2/style.css]
[javascript.info/article/mousemove-mouseover-mouseout-mouseenter-mouseleave/mouseenter-mouseleave-delegation-2/index.html]
[javascript.info/article/mousemove-mouseover-mouseout-mouseenter-mouseleave/mouseenter-mouseleave-delegation-2/script.js]
[javascript.info/article/mouse-drag-and-drop/ball4/index.html]
[javascript.info/article/mouse-drag-and-drop/ball4/style.css]
[javascript.info/article/keyboard-events/keyboard-dump/style.css]
[javascript.info/article/keyboard-events/keyboard-dump/index.html]
[javascript.info/article/keyboard-events/keyboard-dump/script.js]
[javascript.info/article/bezier-curve/demo37af.svg]
[javascript.info/article/bezier-curve/play.png]
[javascript.info/article/css-animations/digits/style.css]
[javascript.info/article/css-animations/digits/index.html]
[javascript.info/article/css-animations/digits/script.js]
[javascript.info/article/css-animations/digits-negative-delay/style.css]
[javascript.info/article/css-animations/digits-negative-delay/index.html]
[javascript.info/article/css-animations/digits-negative-delay/script.js]
[javascript.info/article/css-animations/train-linear/index.html]
[javascript.info/article/css-animations/train-linear/style.css]
[javascript.info/article/css-animations/train/index.html]
[javascript.info/article/css-animations/train/style.css]
[javascript.info/article/css-animations/train-over/index.html]
[javascript.info/article/css-animations/train-over/style.css]
[javascript.info/article/css-animations/step/index.html]
[javascript.info/article/css-animations/step/style.css]
[javascript.info/article/css-animations/step-end/index.html]
[javascript.info/article/js-animation/move/index.html]
[javascript.info/article/css-animations/step-end/style.css]
[javascript.info/article/js-animation/width/index.html]
[javascript.info/article/js-animation/width/animate.js]
[javascript.info/article/js-animation/bounce-easeout/index.html]
[javascript.info/article/js-animation/bounce-easeout/style.css]
[javascript.info/article/js-animation/bounce-easeinout/index.html]
[javascript.info/article/js-animation/bounce-easeinout/style.css]
[javascript.info/article/js-animation/text/index.html]
[javascript.info/article/js-animation/text/style.css]
[javascript.info/article/cross-window-communication/sandbox/index.html]
[javascript.info/article/cross-window-communication/sandbox/sandboxed.html]
[javascript.info/article/cross-window-communication/postmessage/index.html]
[javascript.info/article/cross-window-communication/postmessage/iframe.html]
[javascript.info/article/clickjacking/clickjacking-visible/index.html]
[javascript.info/article/clickjacking/clickjacking-visible/facebook.html]
[javascript.info/article/clickjacking/clickjacking/index.html]
[javascript.info/article/clickjacking/clickjacking/facebook.html]
[javascript.info/article/clickjacking/top-location/index.html]
[javascript.info/article/clickjacking/top-location/iframe.html]
[javascript.info/article/clickjacking/protector/index.html]
[javascript.info/article/clickjacking/protector/iframe.html]
[javascript.info/pack/about.66e6cdd11b768f7fea8ecc608c83ab76.css]
[javascript.info/img/logo-en-white.svg]
[javascript.info/usr/local/google/home/caseq/aa.html]
[javascript.info/article/bubbling-and-capturing/bubble-target/example.css]
[javascript.info/article/mousemove-mouseover-mouseout-mouseenter-mouseleave/mouseoverout/style.css]
[javascript.info/article/mousemove-mouseover-mouseout-mouseenter-mouseleave/mouseoverout-fast/style.css]
[javascript.info/article/mousemove-mouseover-mouseout-mouseenter-mouseleave/mouseoverout-child/style.css]
[javascript.info/article/mousemove-mouseover-mouseout-mouseenter-mouseleave/mouseleave/style.css]
[javascript.info/article/mousemove-mouseover-mouseout-mouseenter-mouseleave/mouseenter-mouseleave-delegation/style.css]
[javascript.info/article/mousemove-mouseover-mouseout-mouseenter-mouseleave/mouseenter-mouseleave-delegation-2/style.css]
[javascript.info/article/mouse-drag-and-drop/ball4/style.css]
[javascript.info/article/keyboard-events/keyboard-dump/style.css]
[javascript.info/article/css-animations/digits/style.css]
[javascript.info/article/css-animations/digits-negative-delay/style.css]
[javascript.info/article/css-animations/train-linear/style.css]
[javascript.info/article/css-animations/train/style.css]
[javascript.info/article/css-animations/train-over/style.css]
[javascript.info/article/css-animations/step/style.css]
[javascript.info/article/css-animations/step-end/style.css]
[javascript.info/article/js-animation/bounce-easeout/style.css]
[javascript.info/article/js-animation/bounce-easeinout/style.css]
[javascript.info/article/js-animation/text/style.css]
[javascript.info/article/cross-window-communication/sandbox/sandboxed.html]
[javascript.info/article/cross-window-communication/postmessage/iframe.html]
[javascript.info/article/clickjacking/clickjacking-visible/facebook.html]
[javascript.info/article/clickjacking/clickjacking/facebook.html]
[javascript.info/article/clickjacking/top-location/iframe.html]
[javascript.info/article/clickjacking/protector/iframe.html]
[javascript.info/pack/handlers/about/blocks/about-banner/header.c414e72a87b700d27efbcfe6f6358f59.jpg]
